// Jest Snapshot v1, https://goo.gl/fbAQLP

exports[`renders correctly 1`] = `
<View
  style={
    Object {
      "backgroundColor": "#F5FCFF",
      "flex": 1,
    }
  }
>
  <RCTScrollView
    contentContainerStyle={
      Object {
        "alignItems": "center",
        "flex": 0,
        "justifyContent": "center",
        "padding": 20,
      }
    }
  >
    <View>
      <View
        style={
          Object {
            "alignItems": "center",
            "justifyContent": "center",
          }
        }
      >
        <Text
          style={
            Object {
              "fontSize": 20,
              "textAlign": "center",
            }
          }
        >
          's Medications
        </Text>
        <Text>
          R: Refill, D: Change Dose, X: Cancel
        </Text>
        <Text>
          T: Taking, N: Not Taking, I: Taking incorrectly
        </Text>
      </View>
      <RCTScrollView
        contentContainerStyle={
          Object {
            "flex": 0,
          }
        }
        horizontal={true}
      >
        <View>
          <View
            style={
              Object {
                "alignItems": "center",
                "flex": 1,
                "justifyContent": "center",
              }
            }
          >
            <Text
              style={
                Object {
                  "textAlign": "center",
                }
              }
            >
              No data to show
            </Text>
          </View>
        </View>
      </RCTScrollView>
      <View
        style={
          Object {
            "flex": 1,
            "flexDirection": "row",
            "height": 40,
            "margin": 4,
          }
        }
      >
        <View
          accessible={true}
          isTVSelectable={true}
          onResponderGrant={[Function]}
          onResponderMove={[Function]}
          onResponderRelease={[Function]}
          onResponderTerminate={[Function]}
          onResponderTerminationRequest={[Function]}
          onStartShouldSetResponder={[Function]}
          style={
            Object {
              "alignItems": "center",
              "backgroundColor": "#2196F3",
              "borderRadius": 2,
              "elevation": 4,
              "height": 60,
              "justifyContent": "center",
              "margin": 4,
              "opacity": 1,
              "padding": 8,
              "width": 120,
            }
          }
        >
          <Text
            style={
              Array [
                Object {
                  "color": "#fefefe",
                  "fontWeight": "500",
                  "textAlign": "center",
                },
                undefined,
              ]
            }
          >
            Save checkmarks
          </Text>
        </View>
        <View
          accessible={true}
          isTVSelectable={true}
          onResponderGrant={[Function]}
          onResponderMove={[Function]}
          onResponderRelease={[Function]}
          onResponderTerminate={[Function]}
          onResponderTerminationRequest={[Function]}
          onStartShouldSetResponder={[Function]}
          style={
            Object {
              "alignItems": "center",
              "backgroundColor": "#2196F3",
              "borderRadius": 2,
              "elevation": 4,
              "height": 60,
              "justifyContent": "center",
              "margin": 4,
              "opacity": 1,
              "padding": 8,
              "width": 120,
            }
          }
        >
          <Text
            style={
              Array [
                Object {
                  "color": "#fefefe",
                  "fontWeight": "500",
                  "textAlign": "center",
                },
                undefined,
              ]
            }
          >
            New Medication
          </Text>
        </View>
        <View
          accessible={true}
          isTVSelectable={true}
          onResponderGrant={[Function]}
          onResponderMove={[Function]}
          onResponderRelease={[Function]}
          onResponderTerminate={[Function]}
          onResponderTerminationRequest={[Function]}
          onStartShouldSetResponder={[Function]}
          style={
            Object {
              "alignItems": "center",
              "backgroundColor": "#2196F3",
              "borderRadius": 2,
              "elevation": 4,
              "height": 60,
              "justifyContent": "center",
              "margin": 4,
              "opacity": 1,
              "padding": 8,
              "width": 120,
            }
          }
        >
          <Text
            style={
              Array [
                Object {
                  "color": "#fefefe",
                  "fontWeight": "500",
                  "textAlign": "center",
                },
                undefined,
              ]
            }
          >
            Completed Prescribing
          </Text>
        </View>
        <View
          accessible={true}
          isTVSelectable={true}
          onResponderGrant={[Function]}
          onResponderMove={[Function]}
          onResponderRelease={[Function]}
          onResponderTerminate={[Function]}
          onResponderTerminationRequest={[Function]}
          onStartShouldSetResponder={[Function]}
          style={
            Object {
              "alignItems": "center",
              "backgroundColor": "#2196F3",
              "borderRadius": 2,
              "elevation": 4,
              "height": 60,
              "justifyContent": "center",
              "margin": 4,
              "opacity": 1,
              "padding": 8,
              "width": 120,
            }
          }
        >
          <Text
            style={
              Array [
                Object {
                  "color": "#fefefe",
                  "fontWeight": "500",
                  "textAlign": "center",
                },
                undefined,
              ]
            }
          >
            Filled
          </Text>
        </View>
      </View>
    </View>
  </RCTScrollView>
  <View
    style={
      Object {
        "alignItems": "center",
        "backgroundColor": "#F5FCFF",
        "justifyContent": "center",
      }
    }
  >
    <Text
      style={
        Object {
          "color": "red",
          "textAlign": "center",
        }
      }
    />
    <Text
      style={
        Object {
          "color": "green",
          "textAlign": "center",
        }
      }
    />
  </View>
</View>
`;
