// Jest Snapshot v1, https://goo.gl/fbAQLP

exports[`renders correctly 1`] = `
<View
  style={
    Object {
      "backgroundColor": "#F5FCFF",
      "flex": 1,
    }
  }
>
  <RCTScrollView
    contentContainerStyle={
      Object {
        "alignItems": "center",
        "flex": 0,
        "justifyContent": "center",
        "padding": 20,
      }
    }
  >
    <View>
      <Text
        style={
          Object {
            "fontSize": 20,
            "margin": 5,
            "textAlign": "center",
          }
        }
      />
      <Text
        style={
          Object {
            "fontSize": 20,
            "margin": 5,
            "textAlign": "center",
          }
        }
      >
        Tue Apr 10 2018
      </Text>
      <View
        style={
          Object {
            "alignItems": "center",
            "flex": 1,
            "maxWidth": "80%",
          }
        }
      >
        <View
          style={
            Object {
              "flex": 1,
              "flexDirection": "row",
            }
          }
        >
          <View
            style={
              Object {
                "alignItems": "center",
                "flex": 1,
                "flexDirection": "column",
              }
            }
          >
            <View
              accessible={true}
              isTVSelectable={true}
              onResponderGrant={[Function]}
              onResponderMove={[Function]}
              onResponderRelease={[Function]}
              onResponderTerminate={[Function]}
              onResponderTerminationRequest={[Function]}
              onStartShouldSetResponder={[Function]}
              style={
                Object {
                  "alignItems": "center",
                  "backgroundColor": "#2196F3",
                  "borderRadius": 2,
                  "elevation": 4,
                  "height": 40,
                  "justifyContent": "center",
                  "margin": 4,
                  "opacity": 1,
                  "padding": 8,
                  "width": "80%",
                }
              }
            >
              <Text
                style={
                  Array [
                    Object {
                      "color": "#fefefe",
                      "fontWeight": "500",
                      "textAlign": "center",
                    },
                    undefined,
                  ]
                }
              >
                Triage
              </Text>
            </View>
            <View
              accessible={true}
              isTVSelectable={true}
              onResponderGrant={[Function]}
              onResponderMove={[Function]}
              onResponderRelease={[Function]}
              onResponderTerminate={[Function]}
              onResponderTerminationRequest={[Function]}
              onStartShouldSetResponder={[Function]}
              style={
                Object {
                  "alignItems": "center",
                  "backgroundColor": "#2196F3",
                  "borderRadius": 2,
                  "elevation": 4,
                  "height": 40,
                  "justifyContent": "center",
                  "margin": 4,
                  "opacity": 1,
                  "padding": 8,
                  "width": "80%",
                }
              }
            >
              <Text
                style={
                  Array [
                    Object {
                      "color": "#fefefe",
                      "fontWeight": "500",
                      "textAlign": "center",
                    },
                    undefined,
                  ]
                }
              >
                SOAP
              </Text>
            </View>
            <View
              accessible={true}
              isTVSelectable={true}
              onResponderGrant={[Function]}
              onResponderMove={[Function]}
              onResponderRelease={[Function]}
              onResponderTerminate={[Function]}
              onResponderTerminationRequest={[Function]}
              onStartShouldSetResponder={[Function]}
              style={
                Object {
                  "alignItems": "center",
                  "backgroundColor": "#2196F3",
                  "borderRadius": 2,
                  "elevation": 4,
                  "height": 40,
                  "justifyContent": "center",
                  "margin": 4,
                  "opacity": 1,
                  "padding": 8,
                  "width": "80%",
                }
              }
            >
              <Text
                style={
                  Array [
                    Object {
                      "color": "#fefefe",
                      "fontWeight": "500",
                      "textAlign": "center",
                    },
                    undefined,
                  ]
                }
              >
                Medications
              </Text>
            </View>
          </View>
          <View
            style={
              Object {
                "alignItems": "center",
                "flex": 1,
                "flexDirection": "column",
              }
            }
          >
            <View
              accessible={true}
              isTVSelectable={true}
              onResponderGrant={[Function]}
              onResponderMove={[Function]}
              onResponderRelease={[Function]}
              onResponderTerminate={[Function]}
              onResponderTerminationRequest={[Function]}
              onStartShouldSetResponder={[Function]}
              style={
                Object {
                  "alignItems": "center",
                  "backgroundColor": "#2196F3",
                  "borderRadius": 2,
                  "elevation": 4,
                  "height": 40,
                  "justifyContent": "center",
                  "margin": 4,
                  "opacity": 1,
                  "padding": 8,
                  "width": "80%",
                }
              }
            >
              <Text
                style={
                  Array [
                    Object {
                      "color": "#fefefe",
                      "fontWeight": "500",
                      "textAlign": "center",
                    },
                    undefined,
                  ]
                }
              >
                History
              </Text>
            </View>
            <View
              accessible={true}
              isTVSelectable={true}
              onResponderGrant={[Function]}
              onResponderMove={[Function]}
              onResponderRelease={[Function]}
              onResponderTerminate={[Function]}
              onResponderTerminationRequest={[Function]}
              onStartShouldSetResponder={[Function]}
              style={
                Object {
                  "alignItems": "center",
                  "backgroundColor": "#2196F3",
                  "borderRadius": 2,
                  "elevation": 4,
                  "height": 40,
                  "justifyContent": "center",
                  "margin": 4,
                  "opacity": 1,
                  "padding": 8,
                  "width": "80%",
                }
              }
            >
              <Text
                style={
                  Array [
                    Object {
                      "color": "#fefefe",
                      "fontWeight": "500",
                      "textAlign": "center",
                    },
                    undefined,
                  ]
                }
              >
                Growth Chart
              </Text>
            </View>
          </View>
        </View>
      </View>
    </View>
  </RCTScrollView>
  <View
    style={
      Object {
        "alignItems": "center",
        "backgroundColor": "#F5FCFF",
        "justifyContent": "center",
      }
    }
  >
    <Text
      style={
        Object {
          "color": "red",
          "textAlign": "center",
        }
      }
    />
    <Text
      style={
        Object {
          "color": "green",
          "textAlign": "center",
        }
      }
    />
  </View>
</View>
`;
