// Jest Snapshot v1, https://goo.gl/fbAQLP

exports[`renders correctly 1`] = `
<View
  style={
    Object {
      "backgroundColor": "#F5FCFF",
      "flex": 1,
    }
  }
>
  <RCTScrollView
    contentContainerStyle={
      Object {
        "alignItems": "center",
        "flex": 0,
        "justifyContent": "center",
        "padding": 20,
      }
    }
  >
    <View>
      <Text
        style={
          Object {
            "fontSize": 20,
            "margin": 10,
            "textAlign": "center",
          }
        }
      >
        Triage
      </Text>
      <View
        style={
          Object {
            "width": "80%",
          }
        }
      >
        <View
          style={Object {}}
        >
          <View
            style={
              Object {
                "marginBottom": 10,
              }
            }
          >
            <Text
              style={
                Object {
                  "color": "#000000",
                  "fontSize": 17,
                  "fontWeight": "500",
                  "marginBottom": 7,
                }
              }
            >
              Date
            </Text>
            <View
              style={Object {}}
            >
              <TextInput
                accessibilityLabel="Date"
                allowFontScaling={true}
                editable={false}
                onChangeText={[Function]}
                style={
                  Object {
                    "backgroundColor": "#eeeeee",
                    "borderColor": "#cccccc",
                    "borderRadius": 4,
                    "borderWidth": 1,
                    "color": "#777777",
                    "fontSize": 17,
                    "height": 36,
                    "marginBottom": 5,
                    "paddingHorizontal": 7,
                    "paddingVertical": 7,
                  }
                }
                underlineColorAndroid="transparent"
                value="20180101"
              />
            </View>
          </View>
          <View
            style={
              Object {
                "marginBottom": 10,
              }
            }
          >
            <Text
              style={
                Object {
                  "color": "#000000",
                  "fontSize": 17,
                  "fontWeight": "500",
                  "marginBottom": 7,
                }
              }
            >
              Has insurance
            </Text>
            <RCTSwitch
              accessibilityLabel="Has insurance"
              disabled={false}
              onChange={[Function]}
              onResponderTerminationRequest={[Function]}
              onStartShouldSetResponder={[Function]}
              onValueChange={[Function]}
              style={
                Array [
                  Object {
                    "height": 31,
                    "width": 51,
                  },
                  Object {
                    "marginBottom": 4,
                  },
                ]
              }
              value={false}
            />
          </View>
          <View
            style={
              Object {
                "marginBottom": 10,
              }
            }
          >
            <Text
              style={
                Object {
                  "color": "#000000",
                  "fontSize": 17,
                  "fontWeight": "500",
                  "marginBottom": 7,
                }
              }
            >
              Location
            </Text>
            <View
              style={
                Array [
                  Object {
                    "borderColor": "#cccccc",
                    "borderRadius": 4,
                    "borderWidth": 1,
                    "marginBottom": 4,
                  },
                  Object {},
                ]
              }
            >
              <View
                accessible={true}
                isTVSelectable={true}
                onResponderGrant={[Function]}
                onResponderMove={[Function]}
                onResponderRelease={[Function]}
                onResponderTerminate={[Function]}
                onResponderTerminationRequest={[Function]}
                onStartShouldSetResponder={[Function]}
                style={
                  Object {
                    "alignItems": "center",
                    "flexDirection": "row",
                    "height": 44,
                    "opacity": 1,
                  }
                }
              >
                <Text
                  style={
                    Object {
                      "fontSize": 17,
                      "paddingLeft": 7,
                    }
                  }
                >
                  -
                </Text>
              </View>
              <View
                style={
                  Object {
                    "height": 0,
                    "overflow": "hidden",
                  }
                }
              >
                <View
                  style={Object {}}
                >
                  <RCTPicker
                    items={
                      Array [
                        Object {
                          "label": "-",
                          "textColor": undefined,
                          "value": "",
                        },
                        Object {
                          "label": "TJP",
                          "textColor": undefined,
                          "value": "TJP",
                        },
                        Object {
                          "label": "Girasoles",
                          "textColor": undefined,
                          "value": "Girasoles",
                        },
                      ]
                    }
                    onChange={[Function]}
                    onResponderTerminationRequest={[Function]}
                    onStartShouldSetResponder={[Function]}
                    selectedIndex={0}
                    style={
                      Array [
                        Object {
                          "height": 216,
                        },
                        undefined,
                      ]
                    }
                  />
                </View>
              </View>
            </View>
          </View>
          <View
            style={
              Object {
                "marginBottom": 10,
              }
            }
          >
            <Text
              style={
                Object {
                  "color": "#000000",
                  "fontSize": 17,
                  "fontWeight": "500",
                  "marginBottom": 7,
                }
              }
            >
              Arrival time (optional)
            </Text>
            <View
              style={Object {}}
            >
              <TextInput
                accessibilityLabel="Arrival time (optional)"
                allowFontScaling={true}
                keyboardType="numeric"
                onChangeText={[Function]}
                style={
                  Object {
                    "borderColor": "#cccccc",
                    "borderRadius": 4,
                    "borderWidth": 1,
                    "color": "#000000",
                    "fontSize": 17,
                    "height": 36,
                    "marginBottom": 5,
                    "paddingHorizontal": 7,
                    "paddingVertical": 7,
                  }
                }
                underlineColorAndroid="transparent"
                value=""
              />
            </View>
          </View>
          <View
            style={
              Object {
                "marginBottom": 10,
              }
            }
          >
            <Text
              style={
                Object {
                  "color": "#000000",
                  "fontSize": 17,
                  "fontWeight": "500",
                  "marginBottom": 7,
                }
              }
            >
              Time in
            </Text>
            <View
              style={Object {}}
            >
              <TextInput
                accessibilityLabel="Time in"
                allowFontScaling={true}
                onChangeText={[Function]}
                style={
                  Object {
                    "borderColor": "#cccccc",
                    "borderRadius": 4,
                    "borderWidth": 1,
                    "color": "#000000",
                    "fontSize": 17,
                    "height": 36,
                    "marginBottom": 5,
                    "paddingHorizontal": 7,
                    "paddingVertical": 7,
                  }
                }
                underlineColorAndroid="transparent"
                value=""
              />
            </View>
          </View>
          <View
            style={
              Object {
                "marginBottom": 10,
              }
            }
          >
            <Text
              style={
                Object {
                  "color": "#000000",
                  "fontSize": 17,
                  "fontWeight": "500",
                  "marginBottom": 7,
                }
              }
            >
              Time out
            </Text>
            <View
              style={Object {}}
            >
              <TextInput
                accessibilityLabel="Time out"
                allowFontScaling={true}
                onChangeText={[Function]}
                style={
                  Object {
                    "borderColor": "#cccccc",
                    "borderRadius": 4,
                    "borderWidth": 1,
                    "color": "#000000",
                    "fontSize": 17,
                    "height": 36,
                    "marginBottom": 5,
                    "paddingHorizontal": 7,
                    "paddingVertical": 7,
                  }
                }
                underlineColorAndroid="transparent"
                value=""
              />
            </View>
          </View>
          <View
            style={
              Object {
                "marginBottom": 10,
              }
            }
          >
            <Text
              style={
                Object {
                  "color": "#000000",
                  "fontSize": 17,
                  "fontWeight": "500",
                  "marginBottom": 7,
                }
              }
            >
              Triager
            </Text>
            <View
              style={Object {}}
            >
              <TextInput
                accessibilityLabel="Triager"
                allowFontScaling={true}
                onChangeText={[Function]}
                style={
                  Object {
                    "borderColor": "#cccccc",
                    "borderRadius": 4,
                    "borderWidth": 1,
                    "color": "#000000",
                    "fontSize": 17,
                    "height": 36,
                    "marginBottom": 5,
                    "paddingHorizontal": 7,
                    "paddingVertical": 7,
                  }
                }
                underlineColorAndroid="transparent"
                value=""
              />
            </View>
          </View>
          <View
            style={
              Object {
                "marginBottom": 10,
              }
            }
          >
            <Text
              style={
                Object {
                  "color": "#000000",
                  "fontSize": 17,
                  "fontWeight": "500",
                  "marginBottom": 7,
                }
              }
            >
              Status
            </Text>
            <View
              style={
                Array [
                  Object {
                    "borderColor": "#cccccc",
                    "borderRadius": 4,
                    "borderWidth": 1,
                    "marginBottom": 4,
                  },
                  Object {},
                ]
              }
            >
              <View
                accessible={true}
                isTVSelectable={true}
                onResponderGrant={[Function]}
                onResponderMove={[Function]}
                onResponderRelease={[Function]}
                onResponderTerminate={[Function]}
                onResponderTerminationRequest={[Function]}
                onStartShouldSetResponder={[Function]}
                style={
                  Object {
                    "alignItems": "center",
                    "flexDirection": "row",
                    "height": 44,
                    "opacity": 1,
                  }
                }
              >
                <Text
                  style={
                    Object {
                      "fontSize": 17,
                      "paddingLeft": 7,
                    }
                  }
                >
                  -
                </Text>
              </View>
              <View
                style={
                  Object {
                    "height": 0,
                    "overflow": "hidden",
                  }
                }
              >
                <View
                  style={Object {}}
                >
                  <RCTPicker
                    items={
                      Array [
                        Object {
                          "label": "-",
                          "textColor": undefined,
                          "value": "",
                        },
                        Object {
                          "label": "EMT",
                          "textColor": undefined,
                          "value": "EMT",
                        },
                        Object {
                          "label": "Student",
                          "textColor": undefined,
                          "value": "Student",
                        },
                        Object {
                          "label": "Nurse",
                          "textColor": undefined,
                          "value": "Nurse",
                        },
                        Object {
                          "label": "Other",
                          "textColor": undefined,
                          "value": "Other",
                        },
                      ]
                    }
                    onChange={[Function]}
                    onResponderTerminationRequest={[Function]}
                    onStartShouldSetResponder={[Function]}
                    selectedIndex={0}
                    style={
                      Array [
                        Object {
                          "height": 216,
                        },
                        undefined,
                      ]
                    }
                  />
                </View>
              </View>
            </View>
          </View>
          <View
            style={
              Object {
                "marginBottom": 10,
              }
            }
          >
            <Text
              style={
                Object {
                  "color": "#000000",
                  "fontSize": 17,
                  "fontWeight": "500",
                  "marginBottom": 7,
                }
              }
            >
              Status clarification (if picked Other)
            </Text>
            <View
              style={Object {}}
            >
              <TextInput
                accessibilityLabel="Status clarification (if picked Other)"
                allowFontScaling={true}
                onChangeText={[Function]}
                style={
                  Object {
                    "borderColor": "#cccccc",
                    "borderRadius": 4,
                    "borderWidth": 1,
                    "color": "#000000",
                    "fontSize": 17,
                    "height": 36,
                    "marginBottom": 5,
                    "paddingHorizontal": 7,
                    "paddingVertical": 7,
                  }
                }
                underlineColorAndroid="transparent"
                value=""
              />
            </View>
          </View>
          <View
            style={
              Object {
                "marginBottom": 10,
              }
            }
          >
            <Text
              style={
                Object {
                  "color": "#000000",
                  "fontSize": 17,
                  "fontWeight": "500",
                  "marginBottom": 7,
                }
              }
            >
              Weight
            </Text>
            <View
              style={Object {}}
            >
              <TextInput
                accessibilityLabel="Weight"
                allowFontScaling={true}
                keyboardType="numeric"
                onChangeText={[Function]}
                style={
                  Object {
                    "borderColor": "#cccccc",
                    "borderRadius": 4,
                    "borderWidth": 1,
                    "color": "#000000",
                    "fontSize": 17,
                    "height": 36,
                    "marginBottom": 5,
                    "paddingHorizontal": 7,
                    "paddingVertical": 7,
                  }
                }
                underlineColorAndroid="transparent"
                value=""
              />
            </View>
          </View>
          <View
            style={
              Object {
                "marginBottom": 10,
              }
            }
          >
            <Text
              style={
                Object {
                  "color": "#000000",
                  "fontSize": 17,
                  "fontWeight": "500",
                  "marginBottom": 7,
                }
              }
            >
              Height
            </Text>
            <View
              style={Object {}}
            >
              <TextInput
                accessibilityLabel="Height"
                allowFontScaling={true}
                keyboardType="numeric"
                onChangeText={[Function]}
                style={
                  Object {
                    "borderColor": "#cccccc",
                    "borderRadius": 4,
                    "borderWidth": 1,
                    "color": "#000000",
                    "fontSize": 17,
                    "height": 36,
                    "marginBottom": 5,
                    "paddingHorizontal": 7,
                    "paddingVertical": 7,
                  }
                }
                underlineColorAndroid="transparent"
                value=""
              />
            </View>
          </View>
          <View
            style={
              Object {
                "marginBottom": 10,
              }
            }
          >
            <Text
              style={
                Object {
                  "color": "#000000",
                  "fontSize": 17,
                  "fontWeight": "500",
                  "marginBottom": 7,
                }
              }
            >
              Temp
            </Text>
            <View
              style={Object {}}
            >
              <TextInput
                accessibilityLabel="Temp"
                allowFontScaling={true}
                keyboardType="numeric"
                onChangeText={[Function]}
                style={
                  Object {
                    "borderColor": "#cccccc",
                    "borderRadius": 4,
                    "borderWidth": 1,
                    "color": "#000000",
                    "fontSize": 17,
                    "height": 36,
                    "marginBottom": 5,
                    "paddingHorizontal": 7,
                    "paddingVertical": 7,
                  }
                }
                underlineColorAndroid="transparent"
                value=""
              />
            </View>
          </View>
          <View
            style={
              Object {
                "marginBottom": 10,
              }
            }
          >
            <Text
              style={
                Object {
                  "color": "#000000",
                  "fontSize": 17,
                  "fontWeight": "500",
                  "marginBottom": 7,
                }
              }
            >
              Rr
            </Text>
            <View
              style={Object {}}
            >
              <TextInput
                accessibilityLabel="Rr"
                allowFontScaling={true}
                keyboardType="numeric"
                onChangeText={[Function]}
                style={
                  Object {
                    "borderColor": "#cccccc",
                    "borderRadius": 4,
                    "borderWidth": 1,
                    "color": "#000000",
                    "fontSize": 17,
                    "height": 36,
                    "marginBottom": 5,
                    "paddingHorizontal": 7,
                    "paddingVertical": 7,
                  }
                }
                underlineColorAndroid="transparent"
                value=""
              />
            </View>
          </View>
          <View
            style={
              Object {
                "marginBottom": 10,
              }
            }
          >
            <Text
              style={
                Object {
                  "color": "#000000",
                  "fontSize": 17,
                  "fontWeight": "500",
                  "marginBottom": 7,
                }
              }
            >
              O2
            </Text>
            <View
              style={Object {}}
            >
              <TextInput
                accessibilityLabel="O2"
                allowFontScaling={true}
                keyboardType="numeric"
                onChangeText={[Function]}
                style={
                  Object {
                    "borderColor": "#cccccc",
                    "borderRadius": 4,
                    "borderWidth": 1,
                    "color": "#000000",
                    "fontSize": 17,
                    "height": 36,
                    "marginBottom": 5,
                    "paddingHorizontal": 7,
                    "paddingVertical": 7,
                  }
                }
                underlineColorAndroid="transparent"
                value=""
              />
            </View>
          </View>
          <View
            style={
              Object {
                "marginBottom": 10,
              }
            }
          >
            <Text
              style={
                Object {
                  "color": "#000000",
                  "fontSize": 17,
                  "fontWeight": "500",
                  "marginBottom": 7,
                }
              }
            >
              Bp
            </Text>
            <View
              style={Object {}}
            >
              <TextInput
                accessibilityLabel="Bp"
                allowFontScaling={true}
                onChangeText={[Function]}
                style={
                  Object {
                    "borderColor": "#cccccc",
                    "borderRadius": 4,
                    "borderWidth": 1,
                    "color": "#000000",
                    "fontSize": 17,
                    "height": 36,
                    "marginBottom": 5,
                    "paddingHorizontal": 7,
                    "paddingVertical": 7,
                  }
                }
                underlineColorAndroid="transparent"
                value=""
              />
            </View>
          </View>
          <View
            style={
              Object {
                "marginBottom": 10,
              }
            }
          >
            <Text
              style={
                Object {
                  "color": "#000000",
                  "fontSize": 17,
                  "fontWeight": "500",
                  "marginBottom": 7,
                }
              }
            >
              Hr
            </Text>
            <View
              style={Object {}}
            >
              <TextInput
                accessibilityLabel="Hr"
                allowFontScaling={true}
                keyboardType="numeric"
                onChangeText={[Function]}
                style={
                  Object {
                    "borderColor": "#cccccc",
                    "borderRadius": 4,
                    "borderWidth": 1,
                    "color": "#000000",
                    "fontSize": 17,
                    "height": 36,
                    "marginBottom": 5,
                    "paddingHorizontal": 7,
                    "paddingVertical": 7,
                  }
                }
                underlineColorAndroid="transparent"
                value=""
              />
            </View>
          </View>
          <View
            style={
              Object {
                "marginBottom": 10,
              }
            }
          >
            <Text
              style={
                Object {
                  "color": "#000000",
                  "fontSize": 17,
                  "fontWeight": "500",
                  "marginBottom": 7,
                }
              }
            >
              History
            </Text>
            <View
              style={Object {}}
            >
              <TextInput
                accessibilityLabel="History"
                allowFontScaling={true}
                onChangeText={[Function]}
                style={
                  Object {
                    "borderColor": "#cccccc",
                    "borderRadius": 4,
                    "borderWidth": 1,
                    "color": "#000000",
                    "fontSize": 17,
                    "height": 36,
                    "marginBottom": 5,
                    "paddingHorizontal": 7,
                    "paddingVertical": 7,
                  }
                }
                underlineColorAndroid="transparent"
                value=""
              />
            </View>
          </View>
          <View
            style={
              Object {
                "marginBottom": 10,
              }
            }
          >
            <Text
              style={
                Object {
                  "color": "#000000",
                  "fontSize": 17,
                  "fontWeight": "500",
                  "marginBottom": 7,
                }
              }
            >
              Allergies
            </Text>
            <View
              style={Object {}}
            >
              <TextInput
                accessibilityLabel="Allergies"
                allowFontScaling={true}
                onChangeText={[Function]}
                style={
                  Object {
                    "borderColor": "#cccccc",
                    "borderRadius": 4,
                    "borderWidth": 1,
                    "color": "#000000",
                    "fontSize": 17,
                    "height": 36,
                    "marginBottom": 5,
                    "paddingHorizontal": 7,
                    "paddingVertical": 7,
                  }
                }
                underlineColorAndroid="transparent"
                value=""
              />
            </View>
          </View>
          <View
            style={
              Object {
                "marginBottom": 10,
              }
            }
          >
            <Text
              style={
                Object {
                  "color": "#000000",
                  "fontSize": 17,
                  "fontWeight": "500",
                  "marginBottom": 7,
                }
              }
            >
              Medications
            </Text>
            <View
              style={Object {}}
            >
              <TextInput
                accessibilityLabel="Medications"
                allowFontScaling={true}
                onChangeText={[Function]}
                style={
                  Object {
                    "borderColor": "#cccccc",
                    "borderRadius": 4,
                    "borderWidth": 1,
                    "color": "#000000",
                    "fontSize": 17,
                    "height": 36,
                    "marginBottom": 5,
                    "paddingHorizontal": 7,
                    "paddingVertical": 7,
                  }
                }
                underlineColorAndroid="transparent"
                value=""
              />
            </View>
          </View>
          <View
            style={
              Object {
                "marginBottom": 10,
              }
            }
          >
            <Text
              style={
                Object {
                  "color": "#000000",
                  "fontSize": 17,
                  "fontWeight": "500",
                  "marginBottom": 7,
                }
              }
            >
              Surgeries
            </Text>
            <View
              style={Object {}}
            >
              <TextInput
                accessibilityLabel="Surgeries"
                allowFontScaling={true}
                onChangeText={[Function]}
                style={
                  Object {
                    "borderColor": "#cccccc",
                    "borderRadius": 4,
                    "borderWidth": 1,
                    "color": "#000000",
                    "fontSize": 17,
                    "height": 36,
                    "marginBottom": 5,
                    "paddingHorizontal": 7,
                    "paddingVertical": 7,
                  }
                }
                underlineColorAndroid="transparent"
                value=""
              />
            </View>
          </View>
          <View
            style={
              Object {
                "marginBottom": 10,
              }
            }
          >
            <Text
              style={
                Object {
                  "color": "#000000",
                  "fontSize": 17,
                  "fontWeight": "500",
                  "marginBottom": 7,
                }
              }
            >
              Immunizations
            </Text>
            <View
              style={Object {}}
            >
              <TextInput
                accessibilityLabel="Immunizations"
                allowFontScaling={true}
                onChangeText={[Function]}
                style={
                  Object {
                    "borderColor": "#cccccc",
                    "borderRadius": 4,
                    "borderWidth": 1,
                    "color": "#000000",
                    "fontSize": 17,
                    "height": 36,
                    "marginBottom": 5,
                    "paddingHorizontal": 7,
                    "paddingVertical": 7,
                  }
                }
                underlineColorAndroid="transparent"
                value=""
              />
            </View>
          </View>
          <View
            style={
              Object {
                "marginBottom": 10,
              }
            }
          >
            <Text
              style={
                Object {
                  "color": "#000000",
                  "fontSize": 17,
                  "fontWeight": "500",
                  "marginBottom": 7,
                }
              }
            >
              Chief complaint
            </Text>
            <View
              style={Object {}}
            >
              <TextInput
                accessibilityLabel="Chief complaint"
                allowFontScaling={true}
                onChangeText={[Function]}
                style={
                  Object {
                    "borderColor": "#cccccc",
                    "borderRadius": 4,
                    "borderWidth": 1,
                    "color": "#000000",
                    "fontSize": 17,
                    "height": 36,
                    "marginBottom": 5,
                    "paddingHorizontal": 7,
                    "paddingVertical": 7,
                  }
                }
                underlineColorAndroid="transparent"
                value=""
              />
            </View>
          </View>
          <View
            style={
              Object {
                "marginBottom": 10,
              }
            }
          >
            <Text
              style={
                Object {
                  "color": "#000000",
                  "fontSize": 17,
                  "fontWeight": "500",
                  "marginBottom": 7,
                }
              }
            >
              Pharmacy section
            </Text>
            <View
              style={Object {}}
            >
              <TextInput
                accessibilityLabel="Pharmacy section"
                allowFontScaling={true}
                onChangeText={[Function]}
                style={
                  Object {
                    "borderColor": "#cccccc",
                    "borderRadius": 4,
                    "borderWidth": 1,
                    "color": "#000000",
                    "fontSize": 17,
                    "height": 36,
                    "marginBottom": 5,
                    "paddingHorizontal": 7,
                    "paddingVertical": 7,
                  }
                }
                underlineColorAndroid="transparent"
                value=""
              />
            </View>
          </View>
          <View
            style={
              Object {
                "marginBottom": 10,
              }
            }
          >
            <Text
              style={
                Object {
                  "color": "#000000",
                  "fontSize": 17,
                  "fontWeight": "500",
                  "marginBottom": 7,
                }
              }
            >
              Lmp (optional)
            </Text>
            <View
              style={Object {}}
            >
              <TextInput
                accessibilityLabel="Lmp (optional)"
                allowFontScaling={true}
                onChangeText={[Function]}
                style={
                  Object {
                    "borderColor": "#cccccc",
                    "borderRadius": 4,
                    "borderWidth": 1,
                    "color": "#000000",
                    "fontSize": 17,
                    "height": 36,
                    "marginBottom": 5,
                    "paddingHorizontal": 7,
                    "paddingVertical": 7,
                  }
                }
                underlineColorAndroid="transparent"
                value=""
              />
            </View>
          </View>
          <View
            style={
              Object {
                "marginBottom": 10,
              }
            }
          >
            <Text
              style={
                Object {
                  "color": "#000000",
                  "fontSize": 17,
                  "fontWeight": "500",
                  "marginBottom": 7,
                }
              }
            >
              Regular (optional)
            </Text>
            <RCTSwitch
              accessibilityLabel="Regular (optional)"
              disabled={false}
              onChange={[Function]}
              onResponderTerminationRequest={[Function]}
              onStartShouldSetResponder={[Function]}
              onValueChange={[Function]}
              style={
                Array [
                  Object {
                    "height": 31,
                    "width": 51,
                  },
                  Object {
                    "marginBottom": 4,
                  },
                ]
              }
              value={false}
            />
          </View>
          <View
            style={
              Object {
                "marginBottom": 10,
              }
            }
          >
            <Text
              style={
                Object {
                  "color": "#000000",
                  "fontSize": 17,
                  "fontWeight": "500",
                  "marginBottom": 7,
                }
              }
            >
              Pregnancies (optional)
            </Text>
            <View
              style={Object {}}
            >
              <TextInput
                accessibilityLabel="Pregnancies (optional)"
                allowFontScaling={true}
                onChangeText={[Function]}
                style={
                  Object {
                    "borderColor": "#cccccc",
                    "borderRadius": 4,
                    "borderWidth": 1,
                    "color": "#000000",
                    "fontSize": 17,
                    "height": 36,
                    "marginBottom": 5,
                    "paddingHorizontal": 7,
                    "paddingVertical": 7,
                  }
                }
                underlineColorAndroid="transparent"
                value=""
              />
            </View>
          </View>
          <View
            style={
              Object {
                "marginBottom": 10,
              }
            }
          >
            <Text
              style={
                Object {
                  "color": "#000000",
                  "fontSize": 17,
                  "fontWeight": "500",
                  "marginBottom": 7,
                }
              }
            >
              Live births (optional)
            </Text>
            <View
              style={Object {}}
            >
              <TextInput
                accessibilityLabel="Live births (optional)"
                allowFontScaling={true}
                onChangeText={[Function]}
                style={
                  Object {
                    "borderColor": "#cccccc",
                    "borderRadius": 4,
                    "borderWidth": 1,
                    "color": "#000000",
                    "fontSize": 17,
                    "height": 36,
                    "marginBottom": 5,
                    "paddingHorizontal": 7,
                    "paddingVertical": 7,
                  }
                }
                underlineColorAndroid="transparent"
                value=""
              />
            </View>
          </View>
          <View
            style={
              Object {
                "marginBottom": 10,
              }
            }
          >
            <Text
              style={
                Object {
                  "color": "#000000",
                  "fontSize": 17,
                  "fontWeight": "500",
                  "marginBottom": 7,
                }
              }
            >
              Abortions (optional)
            </Text>
            <View
              style={Object {}}
            >
              <TextInput
                accessibilityLabel="Abortions (optional)"
                allowFontScaling={true}
                onChangeText={[Function]}
                style={
                  Object {
                    "borderColor": "#cccccc",
                    "borderRadius": 4,
                    "borderWidth": 1,
                    "color": "#000000",
                    "fontSize": 17,
                    "height": 36,
                    "marginBottom": 5,
                    "paddingHorizontal": 7,
                    "paddingVertical": 7,
                  }
                }
                underlineColorAndroid="transparent"
                value=""
              />
            </View>
          </View>
          <View
            style={
              Object {
                "marginBottom": 10,
              }
            }
          >
            <Text
              style={
                Object {
                  "color": "#000000",
                  "fontSize": 17,
                  "fontWeight": "500",
                  "marginBottom": 7,
                }
              }
            >
              Miscarriages (optional)
            </Text>
            <View
              style={Object {}}
            >
              <TextInput
                accessibilityLabel="Miscarriages (optional)"
                allowFontScaling={true}
                onChangeText={[Function]}
                style={
                  Object {
                    "borderColor": "#cccccc",
                    "borderRadius": 4,
                    "borderWidth": 1,
                    "color": "#000000",
                    "fontSize": 17,
                    "height": 36,
                    "marginBottom": 5,
                    "paddingHorizontal": 7,
                    "paddingVertical": 7,
                  }
                }
                underlineColorAndroid="transparent"
                value=""
              />
            </View>
          </View>
          <View
            style={
              Object {
                "marginBottom": 10,
              }
            }
          >
            <Text
              style={
                Object {
                  "color": "#000000",
                  "fontSize": 17,
                  "fontWeight": "500",
                  "marginBottom": 7,
                }
              }
            >
              Urine test done
            </Text>
            <RCTSwitch
              accessibilityLabel="Urine test done"
              disabled={false}
              onChange={[Function]}
              onResponderTerminationRequest={[Function]}
              onStartShouldSetResponder={[Function]}
              onValueChange={[Function]}
              style={
                Array [
                  Object {
                    "height": 31,
                    "width": 51,
                  },
                  Object {
                    "marginBottom": 4,
                  },
                ]
              }
              value={false}
            />
          </View>
          <View
            style={
              Object {
                "marginBottom": 10,
              }
            }
          >
            <Text
              style={
                Object {
                  "color": "#000000",
                  "fontSize": 17,
                  "fontWeight": "500",
                  "marginBottom": 7,
                }
              }
            >
              Did they get labs done?
            </Text>
            <RCTSwitch
              accessibilityLabel="Did they get labs done?"
              disabled={false}
              onChange={[Function]}
              onResponderTerminationRequest={[Function]}
              onStartShouldSetResponder={[Function]}
              onValueChange={[Function]}
              style={
                Array [
                  Object {
                    "height": 31,
                    "width": 51,
                  },
                  Object {
                    "marginBottom": 4,
                  },
                ]
              }
              value={false}
            />
          </View>
        </View>
        <View
          accessible={true}
          isTVSelectable={true}
          onResponderGrant={[Function]}
          onResponderMove={[Function]}
          onResponderRelease={[Function]}
          onResponderTerminate={[Function]}
          onResponderTerminationRequest={[Function]}
          onStartShouldSetResponder={[Function]}
          style={
            Object {
              "alignItems": "center",
              "backgroundColor": "#2196F3",
              "borderRadius": 2,
              "elevation": 4,
              "height": 40,
              "justifyContent": "center",
              "margin": 4,
              "opacity": 1,
              "padding": 8,
              "width": "100%",
            }
          }
        >
          <Text
            style={
              Array [
                Object {
                  "color": "#fefefe",
                  "fontWeight": "500",
                  "textAlign": "center",
                },
                undefined,
              ]
            }
          >
            Mark Medications
          </Text>
        </View>
        <View
          accessible={true}
          isTVSelectable={true}
          onResponderGrant={[Function]}
          onResponderMove={[Function]}
          onResponderRelease={[Function]}
          onResponderTerminate={[Function]}
          onResponderTerminationRequest={[Function]}
          onStartShouldSetResponder={[Function]}
          style={
            Object {
              "alignItems": "center",
              "backgroundColor": "#2196F3",
              "borderRadius": 2,
              "elevation": 4,
              "height": 40,
              "justifyContent": "center",
              "margin": 4,
              "opacity": 1,
              "padding": 8,
              "width": "100%",
            }
          }
        >
          <Text
            style={
              Array [
                Object {
                  "color": "#fefefe",
                  "fontWeight": "500",
                  "textAlign": "center",
                },
                undefined,
              ]
            }
          >
            Triage completed
          </Text>
        </View>
        <View
          accessible={true}
          isTVSelectable={true}
          onResponderGrant={[Function]}
          onResponderMove={[Function]}
          onResponderRelease={[Function]}
          onResponderTerminate={[Function]}
          onResponderTerminationRequest={[Function]}
          onStartShouldSetResponder={[Function]}
          style={
            Object {
              "alignItems": "center",
              "backgroundColor": "#2196F3",
              "borderRadius": 2,
              "elevation": 4,
              "height": 40,
              "justifyContent": "center",
              "margin": 4,
              "opacity": 1,
              "padding": 8,
              "width": "100%",
            }
          }
        >
          <Text
            style={
              Array [
                Object {
                  "color": "#fefefe",
                  "fontWeight": "500",
                  "textAlign": "center",
                },
                undefined,
              ]
            }
          >
            Update
          </Text>
        </View>
      </View>
    </View>
  </RCTScrollView>
  <View
    style={
      Object {
        "alignItems": "center",
        "backgroundColor": "#F5FCFF",
        "justifyContent": "center",
      }
    }
  >
    <Text
      style={
        Object {
          "color": "red",
          "textAlign": "center",
        }
      }
    >
      [object Object] does not contain string option string?
    </Text>
    <Text
      style={
        Object {
          "color": "green",
          "textAlign": "center",
        }
      }
    />
  </View>
</View>
`;
